Successfully retrieved statistics for job: 52934555. 
+------------------------------------------------------------------------------+
| GPU ID: 1                                                                    |
+====================================+=========================================+
|-----  Execution Stats  ------------+-----------------------------------------|
| Start Time                         | Thu Oct  1 10:59:55 2026                |
| End Time                           | Thu Oct  1 12:22:46 2026                |
| Total Execution Time (sec)         | 4971.21                                 |
| No. of Processes                   | 3                                       |
+-----  Performance Stats  ----------+-----------------------------------------+
| Energy Consumed (Joules)           | 843411                                  |
| Power Usage (Watts)                | Avg: 235.822, Max: 260.869, Min: 30.135 |
| Max GPU Memory Used (bytes)        | 14893973504                             |
| SM Clock (MHz)                     | Avg: 1239, Max: 1297, Min: 270          |
| Memory Clock (MHz)                 | Avg: 877, Max: 877, Min: 877            |
| SM Utilization (%)                 | Avg: 98, Max: 100, Min: 0               |
| Memory Utilization (%)             | Avg: 57, Max: 70, Min: 0                |
| PCIe Rx Bandwidth (megabytes)      | Avg: N/A, Max: N/A, Min: N/A            |
| PCIe Tx Bandwidth (megabytes)      | Avg: N/A, Max: N/A, Min: N/A            |
+-----  Event Stats  ----------------+-----------------------------------------+
| Single Bit ECC Errors              | 0                                       |
| Double Bit ECC Errors              | 0                                       |
| PCIe Replay Warnings               | 0                                       |
| Critical XID Errors                | 0                                       |
+-----  Slowdown Stats  -------------+-----------------------------------------+
| Due to - Power (%)                 | 1235.18                                 |
|        - Thermal (%)               | 0                                       |
|        - Reliability (%)           | Not Supported                           |
|        - Board Limit (%)           | Not Supported                           |
|        - Low Utilization (%)       | Not Supported                           |
|        - Sync Boost (%)            | 0                                       |
+--  Compute Process Utilization  ---+-----------------------------------------+
| PID                                | 2102550                                 |
|     Avg SM Utilization (%)         | 31                                      |
|     Avg Memory Utilization (%)     | 18                                      |
| PID                                | 2106013                                 |
|     Avg SM Utilization (%)         | 33                                      |
|     Avg Memory Utilization (%)     | 19                                      |
| PID                                | 2108812                                 |
|     Avg SM Utilization (%)         | 33                                      |
|     Avg Memory Utilization (%)     | 19                                      |
+-----  Overall Health  -------------+-----------------------------------------+
| Overall Health                     | Healthy                                 |
+------------------------------------+-----------------------------------------+

