Successfully retrieved statistics for job: 52194963. 
+------------------------------------------------------------------------------+
| GPU ID: 0                                                                    |
+====================================+=========================================+
|-----  Execution Stats  ------------+-----------------------------------------|
| Start Time                         | Mon Sep 21 11:52:56 2026                |
| End Time                           | Mon Sep 21 13:13:04 2026                |
| Total Execution Time (sec)         | 4807.87                                 |
| No. of Processes                   | 3                                       |
+-----  Performance Stats  ----------+-----------------------------------------+
| Energy Consumed (Joules)           | 844775                                  |
| Power Usage (Watts)                | Avg: 238.776, Max: 269.587, Min: 208... |
| Max GPU Memory Used (bytes)        | 14887682048                             |
| SM Clock (MHz)                     | Avg: 1284, Max: 1342, Min: 1252         |
| Memory Clock (MHz)                 | Avg: 877, Max: 877, Min: 877            |
| SM Utilization (%)                 | Avg: 99, Max: 100, Min: 98              |
| Memory Utilization (%)             | Avg: 59, Max: 75, Min: 50               |
| PCIe Rx Bandwidth (megabytes)      | Avg: N/A, Max: N/A, Min: N/A            |
| PCIe Tx Bandwidth (megabytes)      | Avg: N/A, Max: N/A, Min: N/A            |
+-----  Event Stats  ----------------+-----------------------------------------+
| Single Bit ECC Errors              | 0                                       |
| Double Bit ECC Errors              | 0                                       |
| PCIe Replay Warnings               | 0                                       |
| Critical XID Errors                | 0                                       |
+-----  Slowdown Stats  -------------+-----------------------------------------+
| Due to - Power (%)                 | 0                                       |
|        - Thermal (%)               | 0                                       |
|        - Reliability (%)           | Not Supported                           |
|        - Board Limit (%)           | Not Supported                           |
|        - Low Utilization (%)       | Not Supported                           |
|        - Sync Boost (%)            | 0                                       |
+--  Compute Process Utilization  ---+-----------------------------------------+
| PID                                | 3248519                                 |
|     Avg SM Utilization (%)         | 33                                      |
|     Avg Memory Utilization (%)     | 19                                      |
| PID                                | 3251423                                 |
|     Avg SM Utilization (%)         | 32                                      |
|     Avg Memory Utilization (%)     | 19                                      |
| PID                                | 3254491                                 |
|     Avg SM Utilization (%)         | 32                                      |
|     Avg Memory Utilization (%)     | 19                                      |
+-----  Overall Health  -------------+-----------------------------------------+
| Overall Health                     | Healthy                                 |
+------------------------------------+-----------------------------------------+

