Traceback (most recent call last):
  File "/home/alvarem/denoising_smc/generate_pde.py", line 3, in <module>
    from scripts import generate_burgers, generate_darcy, generate_poisson, generate_helmholtz, generate_ns_nonbounded, generate_ns_bounded
  File "/home/alvarem/denoising_smc/scripts/__init__.py", line 1, in <module>
    from .generate_burgers import generate_burgers
  File "/home/alvarem/denoising_smc/scripts/generate_burgers.py", line 3, in <module>
    import numpy as np
ModuleNotFoundError: No module named 'numpy'
Traceback (most recent call last):
  File "/home/alvarem/denoising_smc/generate_pde_smc.py", line 16, in <module>
    from smc import burgers
  File "/home/alvarem/denoising_smc/smc/burgers.py", line 35, in <module>
    import numpy as np
ModuleNotFoundError: No module named 'numpy'
Traceback (most recent call last):
  File "/home/alvarem/denoising_smc/generate_pde_smc.py", line 16, in <module>
    from smc import burgers
  File "/home/alvarem/denoising_smc/smc/burgers.py", line 35, in <module>
    import numpy as np
ModuleNotFoundError: No module named 'numpy'
Traceback (most recent call last):
  File "/home/alvarem/denoising_smc/generate_pde_smc.py", line 16, in <module>
    from smc import burgers
  File "/home/alvarem/denoising_smc/smc/burgers.py", line 35, in <module>
    import numpy as np
ModuleNotFoundError: No module named 'numpy'
Traceback (most recent call last):
  File "/home/alvarem/denoising_smc/generate_pde_smc.py", line 16, in <module>
    from smc import burgers
  File "/home/alvarem/denoising_smc/smc/burgers.py", line 35, in <module>
    import numpy as np
ModuleNotFoundError: No module named 'numpy'
Traceback (most recent call last):
  File "/home/alvarem/denoising_smc/slurm/logs1/aggregate_exp1.py", line 13, in <module>
    import numpy as np
ModuleNotFoundError: No module named 'numpy'
