Successfully retrieved statistics for job: 51258938. 
+------------------------------------------------------------------------------+
| GPU ID: 0                                                                    |
+====================================+=========================================+
|-----  Execution Stats  ------------+-----------------------------------------|
| Start Time                         | Thu Sep  3 11:17:53 2026                |
| End Time                           | Thu Sep  3 11:39:52 2026                |
| Total Execution Time (sec)         | 1318.92                                 |
| No. of Processes                   | 1                                       |
+-----  Performance Stats  ----------+-----------------------------------------+
| Energy Consumed (Joules)           | 305859                                  |
| Power Usage (Watts)                | Avg: 237.937, Max: 254.786, Min: 211... |
| Max GPU Memory Used (bytes)        | 17024679936                             |
| SM Clock (MHz)                     | Avg: 1273, Max: 1320, Min: 1252         |
| Memory Clock (MHz)                 | Avg: 877, Max: 877, Min: 877            |
| SM Utilization (%)                 | Avg: 99, Max: 100, Min: 99              |
| Memory Utilization (%)             | Avg: 59, Max: 73, Min: 50               |
| PCIe Rx Bandwidth (megabytes)      | Avg: N/A, Max: N/A, Min: N/A            |
| PCIe Tx Bandwidth (megabytes)      | Avg: N/A, Max: N/A, Min: N/A            |
+-----  Event Stats  ----------------+-----------------------------------------+
| Single Bit ECC Errors              | 0                                       |
| Double Bit ECC Errors              | 0                                       |
| PCIe Replay Warnings               | 0                                       |
| Critical XID Errors                | 0                                       |
+-----  Slowdown Stats  -------------+-----------------------------------------+
| Due to - Power (%)                 | 2.70508e+11                             |
|        - Thermal (%)               | 0                                       |
|        - Reliability (%)           | Not Supported                           |
|        - Board Limit (%)           | Not Supported                           |
|        - Low Utilization (%)       | Not Supported                           |
|        - Sync Boost (%)            | 0                                       |
+--  Compute Process Utilization  ---+-----------------------------------------+
| PID                                | 2061263                                 |
|     Avg SM Utilization (%)         | 100                                     |
|     Avg Memory Utilization (%)     | 57                                      |
+-----  Overall Health  -------------+-----------------------------------------+
| Overall Health                     | Healthy                                 |
+------------------------------------+-----------------------------------------+

