Loading module for CUDA 11.8
CUDA 11.8 is now loaded
GNU 12.2.0 is now loaded
SQLite3 3.40.1 is now loaded
Loading module for Python
Python 3.11.0 is now loaded
 -----------------------------
To install additional python libraries/packages (to YOUR $HOME directory), please do the following:
   mkdir -p $PYTHON_LIBS
   pip install --prefix=$PYTHON_LIBS <your python_lib name>
   Example: 
           pip install --prefix=$PYTHON_LIBS biopython
 -----------------------------

Loading python/3.11.0
  Loading requirement: gcc/12.2.0 sqlite/3.40.1/gnu-12.2.0
=== 2026-10-01T15:39:39+03:00 exp3_noguidance ===
saved run to results/smc/burgers/exp3_noguidance
=== 2026-10-01T15:59:24+03:00 exp3_obsonly ===
saved run to results/smc/burgers/exp3_obsonly
=== 2026-10-01T16:19:34+03:00 exp3_pdeonly ===
saved run to results/smc/burgers/exp3_pdeonly
=== 2026-10-01T16:39:44+03:00 exp3_rt0 ===
saved run to results/smc/burgers/exp3_rt0
=== 2026-10-01T16:59:57+03:00 exp3_rt1 ===
saved run to results/smc/burgers/exp3_rt1
=== 2026-10-01T17:20:09+03:00 aggregate ===
<!-- exp3 table, generated 2026-10-01 17:20:09, 12 runs -->
| run | method | beta | omega | lambda_girs | rho_temp | rho_init | N | K | rel_err | frac_obs | frac_pde | ess_mean | ess_last | seed |
|---|---|---|---|---|---|---|---|---|---|---|---|---|---|---|
| 20260921-120101_84ee87 | ode |  |  |  |  |  | 1 | 2000 | 0.05207246080961144 |  |  |  |  | 0 |
| 20260929-161726_84ee87 | ode |  |  |  |  |  | 1 | 2000 | 0.052088235301414744 |  |  |  |  | 0 |
| 20260930-094720_84ee87 | ode |  |  |  |  |  | 1 | 2000 | 0.05208482908466341 |  |  |  |  | 0 |
| exp3_l0_ri0 | smc | 100.0 | 0.02 | 0.0 | 1.0 | 0.0 | 8 | 2000 | 0.8656395712303991 | 0.9931935911670009 | 0.006814394921625354 | 5.336568454698749 | 4.8117258577472715 | 0 |
| exp3_l0_ri1 | smc | 100.0 | 0.02 | 0.0 | 1.0 | 1.0 | 8 | 2000 | 0.8498357468203712 | 0.9931684094518549 | 0.006812169212813083 | 7.393256399453953 | 7.580287301529541 | 0 |
| exp3_l1_ri0 | smc | 100.0 | 0.02 | 1.0 | 1.0 | 0.0 | 8 | 2000 | 1.181035732929377 | 0.9935950659554568 | 0.006439740846369957 | 6.039936992438426 | 5.808076100331422 | 0 |
| exp3_l1_ri1 | smc | 100.0 | 0.02 | 1.0 | 1.0 | 1.0 | 8 | 2000 | 1.1554498474926076 | 0.9922579128168164 | 0.007695280051033032 | 5.087017692863123 | 4.858040213320345 | 0 |
| exp3_noguidance | smc | 0.0 | 0.0 | 1.0 | 1.0 | 1.0 | 8 | 2000 | 1.287556561472087 | 0.0 | 0.0 | 8.0 | 8.0 | 0 |
| exp3_obsonly | smc | 100.0 | 0.0 | 1.0 | 1.0 | 1.0 | 8 | 2000 | 1.2078638623405 | 0.9999886348195619 | 0.0 | 5.091869053100059 | 4.855108358001248 | 0 |
| exp3_pdeonly | smc | 0.0 | 0.02 | 1.0 | 1.0 | 1.0 | 8 | 2000 | 1.2799778709039655 | 0.0 | 1.0000824547515375 | 7.9989589730985395 | 7.995633146765564 | 0 |
| exp3_rt0 | smc | 100.0 | 0.02 | 1.0 | 0.0 | 1.0 | 8 | 2000 | 0.9664998712928249 | 0.9931969237367508 | 0.006812071185437176 | 6.259146535503873 | 6.259146535503872 | 0 |
| exp3_rt1 | smc | 100.0 | 0.02 | 1.0 | 1.0 | 1.0 | 8 | 2000 | 1.1554498928315815 | 0.9922779288294096 | 0.007707868481605501 | 5.0870180835921985 | 4.858040880689961 | 0 |
=== 2026-10-01T17:20:09+03:00 done ===
