Loading module for CUDA 11.8
CUDA 11.8 is now loaded
GNU 12.2.0 is now loaded
SQLite3 3.40.1 is now loaded
Loading module for Python
Python 3.11.0 is now loaded
 -----------------------------
To install additional python libraries/packages (to YOUR $HOME directory), please do the following:
   mkdir -p $PYTHON_LIBS
   pip install --prefix=$PYTHON_LIBS <your python_lib name>
   Example: 
           pip install --prefix=$PYTHON_LIBS biopython
 -----------------------------

Loading python/3.11.0
  Loading requirement: gcc/12.2.0 sqlite/3.40.1/gnu-12.2.0
=== 2026-09-29T16:49:03+03:00 exp3_noguidance ===
saved run to results/smc/burgers/exp3_noguidance
=== 2026-09-29T17:09:06+03:00 exp3_obsonly ===
saved run to results/smc/burgers/exp3_obsonly
=== 2026-09-29T17:29:39+03:00 exp3_pdeonly ===
saved run to results/smc/burgers/exp3_pdeonly
=== 2026-09-29T17:50:15+03:00 exp3_rt0 ===
saved run to results/smc/burgers/exp3_rt0
=== 2026-09-29T18:10:58+03:00 exp3_rt1 ===
saved run to results/smc/burgers/exp3_rt1
=== 2026-09-29T18:31:44+03:00 aggregate ===
<!-- exp3 table, generated 2026-09-29 18:31:45, 11 runs -->
| run | method | beta | omega | lambda_girs | rho_temp | rho_init | N | K | rel_err | frac_obs | frac_pde | ess_mean | ess_last | seed |
|---|---|---|---|---|---|---|---|---|---|---|---|---|---|---|
| 20260921-120101_84ee87 | ode |  |  |  |  |  | 1 | 2000 | 0.05207246080961144 |  |  |  |  | 0 |
| 20260929-161726_84ee87 | ode |  |  |  |  |  | 1 | 2000 | 0.052088235301414744 |  |  |  |  | 0 |
| exp3_l0_ri0 | smc | 100.0 | 0.02 | 0.0 | 1.0 | 0.0 | 8 | 2000 | 0.8656395715910813 | 0.9931980543675918 | 0.0068142814103571946 | 5.336568457650735 | 4.811725850117662 | 0 |
| exp3_l0_ri1 | smc | 100.0 | 0.02 | 0.0 | 1.0 | 1.0 | 8 | 2000 | 0.8498357483209907 | 0.9931966599930276 | 0.00681039710868183 | 7.393256398210943 | 7.580287296591848 | 0 |
| exp3_l1_ri0 | smc | 100.0 | 0.02 | 1.0 | 1.0 | 0.0 | 8 | 2000 | 1.1810357171833037 | 0.9936237055603737 | 0.006436580418416798 | 6.03993734868513 | 5.808076755238316 | 0 |
| exp3_l1_ri1 | smc | 100.0 | 0.02 | 1.0 | 1.0 | 1.0 | 8 | 2000 | 1.1554498786249303 | 0.9922443715987853 | 0.007704090109090326 | 5.087018432317864 | 4.8580415023956 | 0 |
| exp3_noguidance | smc | 0.0 | 0.0 | 1.0 | 1.0 | 1.0 | 8 | 2000 | 1.287556561472087 | 0.0 | 0.0 | 8.0 | 8.0 | 0 |
| exp3_obsonly | smc | 100.0 | 0.0 | 1.0 | 1.0 | 1.0 | 8 | 2000 | 1.207863816863232 | 1.0000097343750676 | 0.0 | 5.091868063993063 | 4.855106969100768 | 0 |
| exp3_pdeonly | smc | 0.0 | 0.02 | 1.0 | 1.0 | 1.0 | 8 | 2000 | 1.2799778631837984 | 0.0 | 1.0000757076544342 | 7.998958973477971 | 7.995633147565516 | 0 |
| exp3_rt0 | smc | 100.0 | 0.02 | 1.0 | 0.0 | 1.0 | 8 | 2000 | 0.9664998727949176 | 0.9931887393194087 | 0.006817524423822469 | 6.259146535503873 | 6.259146535503872 | 0 |
| exp3_rt1 | smc | 100.0 | 0.02 | 1.0 | 1.0 | 1.0 | 8 | 2000 | 1.1554498553329142 | 0.9922355297293075 | 0.007703593583770187 | 5.087017451633976 | 4.858040014599232 | 0 |
=== 2026-09-29T18:31:45+03:00 done ===
