Loading module for CUDA 11.8
CUDA 11.8 is now loaded
GNU 12.2.0 is now loaded
SQLite3 3.40.1 is now loaded
Loading module for Python
Python 3.11.0 is now loaded
 -----------------------------
To install additional python libraries/packages (to YOUR $HOME directory), please do the following:
   mkdir -p $PYTHON_LIBS
   pip install --prefix=$PYTHON_LIBS <your python_lib name>
   Example: 
           pip install --prefix=$PYTHON_LIBS biopython
 -----------------------------

Loading python/3.11.0
  Loading requirement: gcc/12.2.0 sqlite/3.40.1/gnu-12.2.0
=== 2026-10-01T18:36:07+03:00 exp3_girs_b1e4_r0_ri0 ===
saved run to results/smc/burgers/exp3_girs_b1e4_r0_ri0
=== 2026-10-01T18:57:52+03:00 exp3_girs_b1e4_r0_ri1 ===
saved run to results/smc/burgers/exp3_girs_b1e4_r0_ri1
=== 2026-10-01T19:19:00+03:00 exp3_girs_b1e4_r1em3_ri0 ===
saved run to results/smc/burgers/exp3_girs_b1e4_r1em3_ri0
=== 2026-10-01T19:40:45+03:00 exp3_girs_b1e4_r1em3_ri1 ===
saved run to results/smc/burgers/exp3_girs_b1e4_r1em3_ri1
=== 2026-10-01T20:02:01+03:00 aggregate ===
<!-- exp3 table, generated 2026-10-01 20:02:01, 25 runs -->
| run | method | beta | omega | ratio | lambda_girs | rho_temp | rho_init | N | K | rel_err | frac_obs | frac_pde | ess_mean | ess_last | seed |
|---|---|---|---|---|---|---|---|---|---|---|---|---|---|---|---|
| 20260921-120101_84ee87 | ode |  |  |  |  |  |  | 1 | 2000 | 0.05207246080961144 |  |  |  |  | 0 |
| 20260929-161726_84ee87 | ode |  |  |  |  |  |  | 1 | 2000 | 0.052088235301414744 |  |  |  |  | 0 |
| 20260930-094720_84ee87 | ode |  |  |  |  |  |  | 1 | 2000 | 0.05208482908466341 |  |  |  |  | 0 |
| 20261001-182622_84ee87 | ode |  |  |  |  |  |  | 1 | 2000 | 0.052064515994198486 |  |  |  |  | 0 |
| exp3_girs_b1e4_r0_ri0 | smc | 10000.0 | 0.0 | 0.0 | 1.0 | 1.0 | 0.0 | 8 | 2000 | 0.15210107030184875 | 1.0000416837480324 | 0.0 | 5.161052878084304 | 5.137079838353058 | 0 |
| exp3_girs_b1e4_r0_ri1 | smc | 10000.0 | 0.0 | 0.0 | 1.0 | 1.0 | 1.0 | 8 | 2000 | 0.1030314170356925 | 0.9999594994920988 | 0.0 | 5.389586758920414 | 5.406196296795984 | 0 |
| exp3_girs_b1e4_r1em3_ri0 | smc | 10000.0 | 10.0 | 0.001 | 1.0 | 1.0 | 0.0 | 8 | 2000 | 0.14794905027536057 | 0.8845258899421635 | 0.11551493642752912 | 5.502288346974465 | 6.341860001893598 | 0 |
| exp3_girs_b1e4_r1em3_ri1 | smc | 10000.0 | 10.0 | 0.001 | 1.0 | 1.0 | 1.0 | 8 | 2000 | 0.13788892614731862 | 0.8824827456220773 | 0.11742180803313529 | 5.746818242173264 | 6.401816882069602 | 0 |
| exp3_l0_ri0 | smc | 100.0 | 0.02 | 0.0002 | 0.0 | 1.0 | 0.0 | 8 | 2000 | 0.8656395712303991 | 0.9931935911670009 | 0.006814394921625354 | 5.336568454698749 | 4.8117258577472715 | 0 |
| exp3_l0_ri1 | smc | 100.0 | 0.02 | 0.0002 | 0.0 | 1.0 | 1.0 | 8 | 2000 | 0.8498357468203712 | 0.9931684094518549 | 0.006812169212813083 | 7.393256399453953 | 7.580287301529541 | 0 |
| exp3_l1_ri0 | smc | 100.0 | 0.02 | 0.0002 | 1.0 | 1.0 | 0.0 | 8 | 2000 | 1.181035732929377 | 0.9935950659554568 | 0.006439740846369957 | 6.039936992438426 | 5.808076100331422 | 0 |
| exp3_l1_ri1 | smc | 100.0 | 0.02 | 0.0002 | 1.0 | 1.0 | 1.0 | 8 | 2000 | 1.1554498474926076 | 0.9922579128168164 | 0.007695280051033032 | 5.087017692863123 | 4.858040213320345 | 0 |
| exp3_noguidance | smc | 0.0 | 0.0 |  | 1.0 | 1.0 | 1.0 | 8 | 2000 | 1.287556561472087 | 0.0 | 0.0 | 8.0 | 8.0 | 0 |
| exp3_obsonly | smc | 100.0 | 0.0 | 0.0 | 1.0 | 1.0 | 1.0 | 8 | 2000 | 1.2078638623405 | 0.9999886348195619 | 0.0 | 5.091869053100059 | 4.855108358001248 | 0 |
| exp3_pbs_b1e4_r0_ri0 | smc | 10000.0 | 0.0 | 0.0 | 0.0 | 1.0 | 0.0 | 8 | 2000 | 0.09555660944110961 | 0.9999861055452272 | 0.0 | 5.730485539455966 | 5.193504643035729 | 0 |
| exp3_pbs_b1e4_r0_ri1 | smc | 10000.0 | 0.0 | 0.0 | 0.0 | 1.0 | 1.0 | 8 | 2000 | 0.10263696761787645 | 1.000011629783388 | 0.0 | 6.00716146850083 | 6.864519043111665 | 0 |
| exp3_pbs_b1e4_r1em3_ri0 | smc | 10000.0 | 10.0 | 0.001 | 0.0 | 1.0 | 0.0 | 8 | 2000 | 0.19465222909591073 | 0.8542456494936125 | 0.14574914970359584 | 5.97297043129584 | 6.575864250952248 | 0 |
| exp3_pbs_b1e4_r1em3_ri1 | smc | 10000.0 | 10.0 | 0.001 | 0.0 | 1.0 | 1.0 | 8 | 2000 | 0.13300554426583602 | 0.8498823137546762 | 0.15020061612232094 | 5.632685864667813 | 6.23858349780405 | 0 |
| exp3_pdeonly | smc | 0.0 | 0.02 |  | 1.0 | 1.0 | 1.0 | 8 | 2000 | 1.2799778709039655 | 0.0 | 1.0000824547515375 | 7.9989589730985395 | 7.995633146765564 | 0 |
| exp3_rt0 | smc | 100.0 | 0.02 | 0.0002 | 1.0 | 0.0 | 1.0 | 8 | 2000 | 0.9664998712928249 | 0.9931969237367508 | 0.006812071185437176 | 6.259146535503873 | 6.259146535503872 | 0 |
| exp3_rt1 | smc | 100.0 | 0.02 | 0.0002 | 1.0 | 1.0 | 1.0 | 8 | 2000 | 1.1554498928315815 | 0.9922779288294096 | 0.007707868481605501 | 5.0870180835921985 | 4.858040880689961 | 0 |
| exp3_unw_b1e4_r0_ri0 | smc | 10000.0 | 0.0 | 0.0 | 1.0 | 0.0 | 0.0 | 8 | 2000 | 0.11903470869297365 | 0.9999931937353215 | 0.0 | 8.0 | 8.0 | 0 |
| exp3_unw_b1e4_r0_ri1 | smc | 10000.0 | 0.0 | 0.0 | 1.0 | 0.0 | 1.0 | 8 | 2000 | 0.11908521995934099 | 0.9999535917536919 | 0.0 | 7.996970361738203 | 8.0 | 0 |
| exp3_unw_b1e4_r1em3_ri0 | smc | 10000.0 | 10.0 | 0.001 | 1.0 | 0.0 | 0.0 | 8 | 2000 | 0.1214577046941462 | 0.8686819971443226 | 0.13140352373086922 | 8.0 | 8.0 | 0 |
| exp3_unw_b1e4_r1em3_ri1 | smc | 10000.0 | 10.0 | 0.001 | 1.0 | 0.0 | 1.0 | 8 | 2000 | 0.12017505995735747 | 0.8683343698027977 | 0.13164705557396758 | 7.99691258960666 | 8.0 | 0 |
=== 2026-10-01T20:02:01+03:00 done ===
