Loading module for CUDA 11.8
CUDA 11.8 is now loaded
GNU 12.2.0 is now loaded
SQLite3 3.40.1 is now loaded
Loading module for Python
Python 3.11.0 is now loaded
 -----------------------------
To install additional python libraries/packages (to YOUR $HOME directory), please do the following:
   mkdir -p $PYTHON_LIBS
   pip install --prefix=$PYTHON_LIBS <your python_lib name>
   Example: 
           pip install --prefix=$PYTHON_LIBS biopython
 -----------------------------

Loading python/3.11.0
  Loading requirement: gcc/12.2.0 sqlite/3.40.1/gnu-12.2.0
=== 2026-10-01T11:17:09+03:00 exp3_noguidance ===
saved run to results/smc/burgers/exp3_noguidance
=== 2026-10-01T11:36:56+03:00 exp3_obsonly ===
saved run to results/smc/burgers/exp3_obsonly
=== 2026-10-01T11:57:07+03:00 exp3_pdeonly ===
saved run to results/smc/burgers/exp3_pdeonly
=== 2026-10-01T12:17:17+03:00 exp3_rt0 ===
saved run to results/smc/burgers/exp3_rt0
=== 2026-10-01T12:37:28+03:00 exp3_rt1 ===
saved run to results/smc/burgers/exp3_rt1
=== 2026-10-01T12:57:40+03:00 aggregate ===
<!-- exp3 table, generated 2026-10-01 12:57:40, 12 runs -->
| run | method | beta | omega | lambda_girs | rho_temp | rho_init | N | K | rel_err | frac_obs | frac_pde | ess_mean | ess_last | seed |
|---|---|---|---|---|---|---|---|---|---|---|---|---|---|---|
| 20260921-120101_84ee87 | ode |  |  |  |  |  | 1 | 2000 | 0.05207246080961144 |  |  |  |  | 0 |
| 20260929-161726_84ee87 | ode |  |  |  |  |  | 1 | 2000 | 0.052088235301414744 |  |  |  |  | 0 |
| 20260930-094720_84ee87 | ode |  |  |  |  |  | 1 | 2000 | 0.05208482908466341 |  |  |  |  | 0 |
| exp3_l0_ri0 | smc | 100.0 | 0.02 | 0.0 | 1.0 | 0.0 | 8 | 2000 | 0.8656395709947126 | 0.99318956263495 | 0.006812095369848782 | 5.33656845758534 | 4.811725849358365 | 0 |
| exp3_l0_ri1 | smc | 100.0 | 0.02 | 0.0 | 1.0 | 1.0 | 8 | 2000 | 0.8498357477442635 | 0.993191376702116 | 0.006821529114308034 | 7.393256398087365 | 7.580287298357322 | 0 |
| exp3_l1_ri0 | smc | 100.0 | 0.02 | 1.0 | 1.0 | 0.0 | 8 | 2000 | 1.1810357027446479 | 0.9936595877201922 | 0.006434531244952868 | 6.039937103334329 | 5.808076576891259 | 0 |
| exp3_l1_ri1 | smc | 100.0 | 0.02 | 1.0 | 1.0 | 1.0 | 8 | 2000 | 1.155449847558433 | 0.9922728931252031 | 0.007701832050193834 | 5.087017652818491 | 4.8580400961117896 | 0 |
| exp3_noguidance | smc | 0.0 | 0.0 | 1.0 | 1.0 | 1.0 | 8 | 2000 | 1.287556561472087 | 0.0 | 0.0 | 8.0 | 8.0 | 0 |
| exp3_obsonly | smc | 100.0 | 0.0 | 1.0 | 1.0 | 1.0 | 8 | 2000 | 1.207863845968678 | 0.9999856378212341 | 0.0 | 5.091868489377302 | 4.855107544485363 | 0 |
| exp3_pdeonly | smc | 0.0 | 0.02 | 1.0 | 1.0 | 1.0 | 8 | 2000 | 1.2799778654533074 | 0.0 | 1.000205484843396 | 7.998958973101191 | 7.995633146409937 | 0 |
| exp3_rt0 | smc | 100.0 | 0.02 | 1.0 | 0.0 | 1.0 | 8 | 2000 | 0.9664998703184324 | 0.9931730557008375 | 0.006814710634288201 | 6.259146535503873 | 6.259146535503872 | 0 |
| exp3_rt1 | smc | 100.0 | 0.02 | 1.0 | 1.0 | 1.0 | 8 | 2000 | 1.1554498136453948 | 0.9922623509364595 | 0.007700708329779908 | 5.087017684963275 | 4.858040223459071 | 0 |
=== 2026-10-01T12:57:40+03:00 done ===
