Successfully retrieved statistics for job: 52944634. 
+------------------------------------------------------------------------------+
| GPU ID: 1                                                                    |
+====================================+=========================================+
|-----  Execution Stats  ------------+-----------------------------------------|
| Start Time                         | Thu Oct  1 15:25:05 2026                |
| End Time                           | Thu Oct  1 16:47:25 2026                |
| Total Execution Time (sec)         | 4939.53                                 |
| No. of Processes                   | 3                                       |
+-----  Performance Stats  ----------+-----------------------------------------+
| Energy Consumed (Joules)           | 843631                                  |
| Power Usage (Watts)                | Avg: 237.379, Max: 261.826, Min: 30.723 |
| Max GPU Memory Used (bytes)        | 14893973504                             |
| SM Clock (MHz)                     | Avg: 1240, Max: 1305, Min: 307          |
| Memory Clock (MHz)                 | Avg: 877, Max: 877, Min: 877            |
| SM Utilization (%)                 | Avg: 98, Max: 100, Min: 0               |
| Memory Utilization (%)             | Avg: 58, Max: 73, Min: 0                |
| PCIe Rx Bandwidth (megabytes)      | Avg: N/A, Max: N/A, Min: N/A            |
| PCIe Tx Bandwidth (megabytes)      | Avg: N/A, Max: N/A, Min: N/A            |
+-----  Event Stats  ----------------+-----------------------------------------+
| Single Bit ECC Errors              | 0                                       |
| Double Bit ECC Errors              | 0                                       |
| PCIe Replay Warnings               | 0                                       |
| Critical XID Errors                | 0                                       |
+-----  Slowdown Stats  -------------+-----------------------------------------+
| Due to - Power (%)                 | 1413.4                                  |
|        - Thermal (%)               | 0                                       |
|        - Reliability (%)           | Not Supported                           |
|        - Board Limit (%)           | Not Supported                           |
|        - Low Utilization (%)       | Not Supported                           |
|        - Sync Boost (%)            | 0                                       |
+--  Compute Process Utilization  ---+-----------------------------------------+
| PID                                | 2181471                                 |
|     Avg SM Utilization (%)         | 30                                      |
|     Avg Memory Utilization (%)     | 17                                      |
| PID                                | 2184222                                 |
|     Avg SM Utilization (%)         | 34                                      |
|     Avg Memory Utilization (%)     | 19                                      |
| PID                                | 2187046                                 |
|     Avg SM Utilization (%)         | 34                                      |
|     Avg Memory Utilization (%)     | 19                                      |
+-----  Overall Health  -------------+-----------------------------------------+
| Overall Health                     | Healthy                                 |
+------------------------------------+-----------------------------------------+

