Loading module for CUDA 11.8
CUDA 11.8 is now loaded
GNU 12.2.0 is now loaded
SQLite3 3.40.1 is now loaded
Loading module for Python
Python 3.11.0 is now loaded
 -----------------------------
To install additional python libraries/packages (to YOUR $HOME directory), please do the following:
   mkdir -p $PYTHON_LIBS
   pip install --prefix=$PYTHON_LIBS <your python_lib name>
   Example: 
           pip install --prefix=$PYTHON_LIBS biopython
 -----------------------------

Loading python/3.11.0
  Loading requirement: gcc/12.2.0 sqlite/3.40.1/gnu-12.2.0
=== 2026-09-30T09:38:40+03:00 ode ===
Solving Burgers equation...
Loading networks from "pretrained-models/pretrained-burgers.pkl"...
Generating 1 samples...
Relative error: 0.05208482908466341
saved run to results/ode/burgers/20260930-094720_84ee87
Done.
=== 2026-09-30T09:47:23+03:00 exp2_b1000_r0 ===
saved run to results/smc/burgers/exp2_b1000_r0
=== 2026-09-30T10:06:55+03:00 exp2_b1000_r1em3 ===
saved run to results/smc/burgers/exp2_b1000_r1em3
=== 2026-09-30T10:26:27+03:00 exp2_b1000_r3em3 ===
saved run to results/smc/burgers/exp2_b1000_r3em3
=== 2026-09-30T10:45:58+03:00 exp2_b1000_r1em2 ===
saved run to results/smc/burgers/exp2_b1000_r1em2
=== 2026-09-30T11:05:31+03:00 aggregate ===
<!-- exp2 table, generated 2026-09-30 11:05:31, 15 runs -->
| run | method | beta | omega | ratio | lambda_girs | rho_temp | rho_init | N | K | rel_err | frac_obs | frac_pde | ess_mean | ess_last | seed |
|---|---|---|---|---|---|---|---|---|---|---|---|---|---|---|---|
| 20260921-120101_84ee87 | ode |  |  |  |  |  |  | 1 | 2000 | 0.05207246080961144 |  |  |  |  | 0 |
| 20260929-161726_84ee87 | ode |  |  |  |  |  |  | 1 | 2000 | 0.052088235301414744 |  |  |  |  | 0 |
| 20260930-094720_84ee87 | ode |  |  |  |  |  |  | 1 | 2000 | 0.05208482908466341 |  |  |  |  | 0 |
| exp2_b10000_r0 | smc | 10000.0 | 0.0 | 0.0 | 1.0 | 1.0 | 1.0 | 8 | 2000 | 0.103031421459883 | 0.9999343255161266 | 0.0 | 5.389587572581624 | 5.406198293235832 | 0 |
| exp2_b10000_r1em2 | smc | 10000.0 | 100.0 | 0.01 | 1.0 | 1.0 | 1.0 | 8 | 2000 | 0.41092605066644194 | 0.5958345865723447 | 0.4041791016792655 | 5.403009989224213 | 4.164271156219234 | 0 |
| exp2_b10000_r1em3 | smc | 10000.0 | 10.0 | 0.001 | 1.0 | 1.0 | 1.0 | 8 | 2000 | 0.1378889026380365 | 0.8824801205842737 | 0.11743487757978538 | 5.746816222152042 | 6.401810145384248 | 0 |
| exp2_b10000_r3em3 | smc | 10000.0 | 30.0 | 0.003 | 1.0 | 1.0 | 1.0 | 8 | 2000 | 0.1875350187177997 | 0.742923426918438 | 0.2570673115174122 | 5.393068001931491 | 5.0564504921564355 | 0 |
| exp2_b1000_r0 | smc | 1000.0 | 0.0 | 0.0 | 1.0 | 1.0 | 1.0 | 8 | 2000 | 0.37967048292403915 | 1.0000013208168101 | 0.0 | 5.254480736848807 | 4.384407408578047 | 0 |
| exp2_b1000_r1em2 | smc | 1000.0 | 10.0 | 0.01 | 1.0 | 1.0 | 1.0 | 8 | 2000 | 0.6307850789994411 | 0.6358949574760396 | 0.36416177095686936 | 5.744549899514419 | 4.353001998243527 | 0 |
| exp2_b1000_r1em3 | smc | 1000.0 | 1.0 | 0.001 | 1.0 | 1.0 | 1.0 | 8 | 2000 | 0.3800435637506158 | 0.8513609030695917 | 0.14857836907206665 | 6.270450108184343 | 7.673260396005295 | 0 |
| exp2_b1000_r3em3 | smc | 1000.0 | 3.0 | 0.003 | 1.0 | 1.0 | 1.0 | 8 | 2000 | 0.4597642764907873 | 0.7683860355571239 | 0.23155899167081198 | 6.026008499745019 | 5.645583114146593 | 0 |
| exp2_b3000_r0 | smc | 3000.0 | 0.0 | 0.0 | 1.0 | 1.0 | 1.0 | 8 | 2000 | 0.19576941368805073 | 1.0000367016471385 | 0.0 | 6.192117005120119 | 6.498464003202023 | 0 |
| exp2_b3000_r1em2 | smc | 3000.0 | 30.0 | 0.01 | 1.0 | 1.0 | 1.0 | 8 | 2000 | 0.34101425757069365 | 0.6381407754378913 | 0.3618430424232717 | 6.0462642519094505 | 6.963961036164594 | 0 |
| exp2_b3000_r1em3 | smc | 3000.0 | 3.0 | 0.001 | 1.0 | 1.0 | 1.0 | 8 | 2000 | 0.36352545376069384 | 0.8890774981584308 | 0.1109013492335897 | 6.012858903422818 | 6.132740356195199 | 0 |
| exp2_b3000_r3em3 | smc | 3000.0 | 9.0 | 0.003 | 1.0 | 1.0 | 1.0 | 8 | 2000 | 0.23861468868173616 | 0.8070576380956299 | 0.19281648815913177 | 6.109498147103359 | 6.674776144286348 | 0 |
=== 2026-09-30T11:05:32+03:00 done ===
