Loading module for CUDA 11.8
CUDA 11.8 is now loaded
GNU 12.2.0 is now loaded
SQLite3 3.40.1 is now loaded
Loading module for Python
Python 3.11.0 is now loaded
 -----------------------------
To install additional python libraries/packages (to YOUR $HOME directory), please do the following:
   mkdir -p $PYTHON_LIBS
   pip install --prefix=$PYTHON_LIBS <your python_lib name>
   Example: 
           pip install --prefix=$PYTHON_LIBS biopython
 -----------------------------

Loading python/3.11.0
  Loading requirement: gcc/12.2.0 sqlite/3.40.1/gnu-12.2.0
=== 2026-10-04T13:24:11+03:00 exp4_heun_pbs_K4000 ===
saved run to results/smc/burgers/exp4_heun_pbs_K4000
=== 2026-10-04T14:42:19+03:00 aggregate ===
<!-- exp4 table, generated 2026-10-04 14:42:21, 34 runs -->
| run | method | proposal | beta | omega | ratio | lambda_girs | rho_temp | rho_init | N | K | rel_err | frac_obs | frac_pde | corr_rel | ess_mean | ess_last | seed |
|---|---|---|---|---|---|---|---|---|---|---|---|---|---|---|---|---|---|
| exp4_ode_K125 | ode | ode |  |  |  |  |  |  | 1 | 125 | 0.6994704014616756 |  |  |  |  |  | 0 |
| exp4_ode_K250 | ode | ode |  |  |  |  |  |  | 1 | 250 | 0.26409755368475024 |  |  |  |  |  | 0 |
| exp4_ode_K500 | ode | ode |  |  |  |  |  |  | 1 | 500 | 0.05398513309103522 |  |  |  |  |  | 0 |
| exp4_ode_K1000 | ode | ode |  |  |  |  |  |  | 1 | 1000 | 0.04572407177550578 |  |  |  |  |  | 0 |
| exp4_ode_K2000 | ode | ode |  |  |  |  |  |  | 1 | 2000 | 0.052079235012311334 |  |  |  |  |  | 0 |
| exp4_ode_K4000 | ode | ode |  |  |  |  |  |  | 1 | 4000 | 0.09257709083766173 |  |  |  |  |  | 0 |
| exp4_em_pbs_K125 | smc | em | 10000.0 | 0.0 | 0.0 | 0.0 | 1.0 | 1.0 | 8 | 125 | 5.1909721340485895 | 0.9998731309756271 | 0.0 | 0.0 | 2.6709289690751628 | 6.2280479554016965 | 0 |
| exp4_em_pbs_K250 | smc | em | 10000.0 | 0.0 | 0.0 | 0.0 | 1.0 | 1.0 | 8 | 250 | 0.13859768751957294 | 0.9999976986730177 | 0.0 | 0.0 | 3.558602060572639 | 6.084322116201919 | 0 |
| exp4_em_pbs_K500 | smc | em | 10000.0 | 0.0 | 0.0 | 0.0 | 1.0 | 1.0 | 8 | 500 | 0.10948488163339451 | 1.0000251718475857 | 0.0 | 0.0 | 4.779967561844038 | 6.882932245790016 | 0 |
| exp4_em_pbs_K1000 | smc | em | 10000.0 | 0.0 | 0.0 | 0.0 | 1.0 | 1.0 | 8 | 1000 | 0.10390124841012764 | 1.0000513261026023 | 0.0 | 0.0 | 5.09342318039692 | 6.196686325418401 | 0 |
| exp4_em_pbs_K2000 | smc | em | 10000.0 | 0.0 | 0.0 | 0.0 | 1.0 | 1.0 | 8 | 2000 | 0.10263695037351876 | 0.9999980383220644 | 0.0 | 0.0 | 6.007161635931858 | 6.86451845053907 | 0 |
| exp4_em_unw_K125 | smc | em | 10000.0 | 0.0 | 0.0 | 1.0 | 0.0 | 0.0 | 8 | 125 | 4.6531094304215035 | 1.0000121001857725 | 0.0 | 0.0 | 8.0 | 8.0 | 0 |
| exp4_em_unw_K250 | smc | em | 10000.0 | 0.0 | 0.0 | 1.0 | 0.0 | 0.0 | 8 | 250 | 0.09756880313896431 | 1.0000279957517075 | 0.0 | 0.0 | 8.0 | 8.0 | 0 |
| exp4_em_unw_K500 | smc | em | 10000.0 | 0.0 | 0.0 | 1.0 | 0.0 | 0.0 | 8 | 500 | 0.1015311626382522 | 1.0000637370724483 | 0.0 | 0.0 | 8.0 | 8.0 | 0 |
| exp4_em_unw_K1000 | smc | em | 10000.0 | 0.0 | 0.0 | 1.0 | 0.0 | 0.0 | 8 | 1000 | 0.09022969486356744 | 1.0000745429079578 | 0.0 | 0.0 | 8.0 | 8.0 | 0 |
| exp4_em_unw_K2000 | smc | em | 10000.0 | 0.0 | 0.0 | 1.0 | 0.0 | 0.0 | 8 | 2000 | 0.1190347059294794 | 0.999993910175519 | 0.0 | 0.0 | 8.0 | 8.0 | 0 |
| exp4_em_girs_K125 | smc | em | 10000.0 | 0.0 | 0.0 | 1.0 | 1.0 | 1.0 | 8 | 125 | 4.967262154049058 | 1.000038966740604 | 0.0 | 0.0 | 3.033855628574044 | 7.337243003716742 | 0 |
| exp4_em_girs_K250 | smc | em | 10000.0 | 0.0 | 0.0 | 1.0 | 1.0 | 1.0 | 8 | 250 | 0.18198006560146215 | 1.0000485287582557 | 0.0 | 0.0 | 3.730466166334918 | 6.792215590408649 | 0 |
| exp4_em_girs_K500 | smc | em | 10000.0 | 0.0 | 0.0 | 1.0 | 1.0 | 1.0 | 8 | 500 | 0.1774265379891041 | 1.0000495207246707 | 0.0 | 0.0 | 4.303157205816508 | 4.310693780478381 | 0 |
| exp4_em_girs_K1000 | smc | em | 10000.0 | 0.0 | 0.0 | 1.0 | 1.0 | 1.0 | 8 | 1000 | 0.13021696776023242 | 0.9999815417733667 | 0.0 | 0.0 | 5.0803154195434574 | 7.98634761809313 | 0 |
| exp4_em_girs_K2000 | smc | em | 10000.0 | 0.0 | 0.0 | 1.0 | 1.0 | 1.0 | 8 | 2000 | 0.10303142103823591 | 1.0000019634174948 | 0.0 | 0.0 | 5.389586539653417 | 5.406195530074418 | 0 |
| exp4_heun_pbs_K125 | smc | heun | 10000.0 | 0.0 | 0.0 | 0.0 | 1.0 | 1.0 | 8 | 125 | 0.10730422250281953 | 0.9999242434560984 | 0.0 | 0.5747112177117807 | 3.2869146785199854 | 5.875429530991439 | 0 |
| exp4_heun_pbs_K250 | smc | heun | 10000.0 | 0.0 | 0.0 | 0.0 | 1.0 | 1.0 | 8 | 250 | 0.16131790687857414 | 1.0000205553995758 | 0.0 | 0.3771482870817667 | 3.650196571138102 | 5.130222499095226 | 0 |
| exp4_heun_pbs_K500 | smc | heun | 10000.0 | 0.0 | 0.0 | 0.0 | 1.0 | 1.0 | 8 | 500 | 0.10494884581116991 | 0.9999590021952396 | 0.0 | 0.1510671283813132 | 5.353512810311947 | 6.481099564322628 | 0 |
| exp4_heun_pbs_K1000 | smc | heun | 10000.0 | 0.0 | 0.0 | 0.0 | 1.0 | 1.0 | 8 | 1000 | 0.06438767239665848 | 1.0000040043257046 | 0.0 | 0.09120047041454953 | 5.448181513250834 | 4.607849486394684 | 0 |
| exp4_heun_pbs_K4000 | smc | heun | 10000.0 | 0.0 | 0.0 | 0.0 | 1.0 | 1.0 | 8 | 4000 | 0.15637073356524445 | 1.0000067482831858 | 0.0 | 0.04576917611930831 | 6.175811226922852 | 7.688311093077353 | 0 |
| exp4_heun_unw_K125 | smc | heun | 10000.0 | 0.0 | 0.0 | 1.0 | 0.0 | 0.0 | 8 | 125 | 0.86010263663524 | 0.9999719799289286 | 0.0 | 0.5590218278717672 | 8.0 | 8.0 | 0 |
| exp4_heun_unw_K250 | smc | heun | 10000.0 | 0.0 | 0.0 | 1.0 | 0.0 | 0.0 | 8 | 250 | 0.10292303030133368 | 1.0000060973383345 | 0.0 | 0.41928713655329264 | 8.0 | 8.0 | 0 |
| exp4_heun_unw_K500 | smc | heun | 10000.0 | 0.0 | 0.0 | 1.0 | 0.0 | 0.0 | 8 | 500 | 0.10204107439782241 | 1.000051736962021 | 0.0 | 0.19678807282193753 | 8.0 | 8.0 | 0 |
| exp4_heun_unw_K1000 | smc | heun | 10000.0 | 0.0 | 0.0 | 1.0 | 0.0 | 0.0 | 8 | 1000 | 0.09065853317262382 | 1.0000133892210485 | 0.0 | 0.11816766216867967 | 8.0 | 8.0 | 0 |
| exp4_heun_girs_K125 | smc | heun | 10000.0 | 0.0 | 0.0 | 1.0 | 1.0 | 1.0 | 8 | 125 | 4.742536094645875 | 0.9999992837735446 | 0.0 | 0.5577499282368484 | 3.152637826144818 | 7.253485240707994 | 0 |
| exp4_heun_girs_K250 | smc | heun | 10000.0 | 0.0 | 0.0 | 1.0 | 1.0 | 1.0 | 8 | 250 | 0.13603567791995813 | 1.000055858144594 | 0.0 | 0.42837789484636724 | 3.4123350727283994 | 5.927025165798096 | 0 |
| exp4_heun_girs_K500 | smc | heun | 10000.0 | 0.0 | 0.0 | 1.0 | 1.0 | 1.0 | 8 | 500 | 0.22774158060468624 | 1.0000544281068844 | 0.0 | 0.16701994811072052 | 3.9899507900487854 | 4.544604579755162 | 0 |
| exp4_heun_girs_K1000 | smc | heun | 10000.0 | 0.0 | 0.0 | 1.0 | 1.0 | 1.0 | 8 | 1000 | 0.1221306109847323 | 0.9999775874679777 | 0.0 | 0.08856411372859678 | 5.717717932614412 | 6.351758544416513 | 0 |
=== 2026-10-04T14:42:21+03:00 done ===
