Successfully retrieved statistics for job: 52830389. 
+------------------------------------------------------------------------------+
| GPU ID: 1                                                                    |
+====================================+=========================================+
|-----  Execution Stats  ------------+-----------------------------------------|
| Start Time                         | Tue Sep 29 16:49:03 2026                |
| End Time                           | Tue Sep 29 18:31:46 2026                |
| Total Execution Time (sec)         | 6162.75                                 |
| No. of Processes                   | 3                                       |
+-----  Performance Stats  ----------+-----------------------------------------+
| Energy Consumed (Joules)           | 839114                                  |
| Power Usage (Watts)                | Avg: 235.066, Max: 268.991, Min: 27.801 |
| Max GPU Memory Used (bytes)        | 14893973504                             |
| SM Clock (MHz)                     | Avg: 1242, Max: 1297, Min: 307          |
| Memory Clock (MHz)                 | Avg: 877, Max: 877, Min: 877            |
| SM Utilization (%)                 | Avg: 97, Max: 100, Min: 0               |
| Memory Utilization (%)             | Avg: 57, Max: 71, Min: 0                |
| PCIe Rx Bandwidth (megabytes)      | Avg: N/A, Max: N/A, Min: N/A            |
| PCIe Tx Bandwidth (megabytes)      | Avg: N/A, Max: N/A, Min: N/A            |
+-----  Event Stats  ----------------+-----------------------------------------+
| Single Bit ECC Errors              | 0                                       |
| Double Bit ECC Errors              | 0                                       |
| PCIe Replay Warnings               | 0                                       |
| Critical XID Errors                | 0                                       |
+-----  Slowdown Stats  -------------+-----------------------------------------+
| Due to - Power (%)                 | 1239.59                                 |
|        - Thermal (%)               | 0                                       |
|        - Reliability (%)           | Not Supported                           |
|        - Board Limit (%)           | Not Supported                           |
|        - Low Utilization (%)       | Not Supported                           |
|        - Sync Boost (%)            | 0                                       |
+--  Compute Process Utilization  ---+-----------------------------------------+
| PID                                | 1505501                                 |
|     Avg SM Utilization (%)         | 30                                      |
|     Avg Memory Utilization (%)     | 17                                      |
| PID                                | 1533795                                 |
|     Avg SM Utilization (%)         | 34                                      |
|     Avg Memory Utilization (%)     | 19                                      |
| PID                                | 1540358                                 |
|     Avg SM Utilization (%)         | 33                                      |
|     Avg Memory Utilization (%)     | 19                                      |
+-----  Overall Health  -------------+-----------------------------------------+
| Overall Health                     | Healthy                                 |
+------------------------------------+-----------------------------------------+

