Successfully retrieved statistics for job: 53190463. 
+------------------------------------------------------------------------------+
| GPU ID: 2                                                                    |
+====================================+=========================================+
|-----  Execution Stats  ------------+-----------------------------------------|
| Start Time                         | Sun Oct  4 13:24:11 2026                |
| End Time                           | Sun Oct  4 14:42:27 2026                |
| Total Execution Time (sec)         | 4695.64                                 |
| No. of Processes                   | 3                                       |
+-----  Performance Stats  ----------+-----------------------------------------+
| Energy Consumed (Joules)           | 1013034                                 |
| Power Usage (Watts)                | Avg: 287.117, Max: 310.002, Min: 250... |
| Max GPU Memory Used (bytes)        | 14896070656                             |
| SM Clock (MHz)                     | Avg: 1342, Max: 1530, Min: 135          |
| Memory Clock (MHz)                 | Avg: 877, Max: 877, Min: 877            |
| SM Utilization (%)                 | Avg: 99, Max: 100, Min: 98              |
| Memory Utilization (%)             | Avg: 62, Max: 78, Min: 0                |
| PCIe Rx Bandwidth (megabytes)      | Avg: N/A, Max: N/A, Min: N/A            |
| PCIe Tx Bandwidth (megabytes)      | Avg: N/A, Max: N/A, Min: N/A            |
+-----  Event Stats  ----------------+-----------------------------------------+
| Single Bit ECC Errors              | 0                                       |
| Double Bit ECC Errors              | 0                                       |
| PCIe Replay Warnings               | 0                                       |
| Critical XID Errors                | 0                                       |
+-----  Slowdown Stats  -------------+-----------------------------------------+
| Due to - Power (%)                 | 0                                       |
|        - Thermal (%)               | 0                                       |
|        - Reliability (%)           | Not Supported                           |
|        - Board Limit (%)           | Not Supported                           |
|        - Low Utilization (%)       | Not Supported                           |
|        - Sync Boost (%)            | 0                                       |
+--  Compute Process Utilization  ---+-----------------------------------------+
| PID                                | 2710858                                 |
|     Avg SM Utilization (%)         | 2                                       |
|     Avg Memory Utilization (%)     | 1                                       |
| PID                                | 2765257                                 |
|     Avg SM Utilization (%)         | 32                                      |
|     Avg Memory Utilization (%)     | 19                                      |
| PID                                | 2869476                                 |
|     Avg SM Utilization (%)         | 64                                      |
|     Avg Memory Utilization (%)     | 39                                      |
+-----  Overall Health  -------------+-----------------------------------------+
| Overall Health                     | Healthy                                 |
+------------------------------------+-----------------------------------------+

